// Jest Snapshot v1, https://goo.gl/fbAQLP

exports[`should render correctly an expense item 1`] = `
<div>
  <Link
    replace={false}
    to="/edit/1"
  >
    <h3>
      Gum
    </h3>
  </Link>
  <p>
    $1.95
    -
    1 January, 1970
  </p>
</div>
`;
