// Jest Snapshot v1, https://goo.gl/fbAQLP

exports[`should render NotFoundPage correctly 1`] = `
<div>
  This is the 404 component.
  <Link
    replace={false}
    to="/"
  >
    Go Home.
  </Link>
</div>
`;
